  .   ____          _            __ _ _
 /\\ / ___'_ __ _ _(_)_ __  __ _ \ \ \ \
( ( )\___ | '_ | '_| | '_ \/ _` | \ \ \ \
 \\/  ___)| |_)| | | | | || (_| |  ) ) ) )
  '  |____| .__|_| |_|_| |_\__, | / / / /
 =========|_|==============|___/=/_/_/_/

 :: Spring Boot ::                (v3.3.0)

2026-09-22T16:58:02.550+05:00  INFO 4600 --- [bilim_scan] [           main] u.f.bilim_scan.BilimScanApplication      : Starting BilimScanApplication v0.0.1-SNAPSHOT using Java 21.0.7 with PID 4600 (C:\Users\UltraPC\IdeaProjects\bilim_scan_server\target\bilim_scan-0.0.1-SNAPSHOT.jar started by DESKTOP-M109E2R$ in C:\Users\UltraPC\IdeaProjects\bilim_scan_server)
2026-09-22T16:58:02.554+05:00  INFO 4600 --- [bilim_scan] [           main] u.f.bilim_scan.BilimScanApplication      : No active profile set, falling back to 1 default profile: "default"
2026-09-22T16:58:03.454+05:00  INFO 4600 --- [bilim_scan] [           main] .s.d.r.c.RepositoryConfigurationDelegate : Bootstrapping Spring Data MongoDB repositories in DEFAULT mode.
2026-09-22T16:58:03.551+05:00  INFO 4600 --- [bilim_scan] [           main] .s.d.r.c.RepositoryConfigurationDelegate : Finished Spring Data repository scanning in 92 ms. Found 11 MongoDB repository interfaces.
2026-09-22T16:58:04.285+05:00  INFO 4600 --- [bilim_scan] [           main] o.s.b.w.embedded.tomcat.TomcatWebServer  : Tomcat initialized with port 4257 (http)
2026-09-22T16:58:04.304+05:00  INFO 4600 --- [bilim_scan] [           main] o.apache.catalina.core.StandardService   : Starting service [Tomcat]
2026-09-22T16:58:04.305+05:00  INFO 4600 --- [bilim_scan] [           main] o.apache.catalina.core.StandardEngine    : Starting Servlet engine: [Apache Tomcat/10.1.24]
2026-09-22T16:58:04.375+05:00  INFO 4600 --- [bilim_scan] [           main] o.a.c.c.C.[Tomcat].[localhost].[/]       : Initializing Spring embedded WebApplicationContext
2026-09-22T16:58:04.376+05:00  INFO 4600 --- [bilim_scan] [           main] w.s.c.ServletWebServerApplicationContext : Root WebApplicationContext: initialization completed in 1728 ms
2026-09-22T16:58:04.888+05:00  INFO 4600 --- [bilim_scan] [           main] org.mongodb.driver.client                : MongoClient with metadata {"driver": {"name": "mongo-java-driver|sync|spring-boot", "version": "5.0.1"}, "os": {"type": "Windows", "name": "Windows 11", "architecture": "amd64", "version": "10.0"}, "platform": "Java/Oracle Corporation/21.0.7+8-LTS-jvmci-23.1-b60"} created with settings MongoClientSettings{readPreference=primary, writeConcern=WriteConcern{w=null, wTimeout=null ms, journal=null}, retryWrites=true, retryReads=true, readConcern=ReadConcern{level=null}, credential=null, transportSettings=null, commandListeners=[], codecRegistry=ProvidersCodecRegistry{codecProviders=[ValueCodecProvider{}, BsonValueCodecProvider{}, DBRefCodecProvider{}, DBObjectCodecProvider{}, DocumentCodecProvider{}, CollectionCodecProvider{}, IterableCodecProvider{}, MapCodecProvider{}, GeoJsonCodecProvider{}, GridFSFileCodecProvider{}, Jsr310CodecProvider{}, JsonObjectCodecProvider{}, BsonCodecProvider{}, EnumCodecProvider{}, com.mongodb.client.model.mql.ExpressionCodecProvider@66522ead, com.mongodb.Jep395RecordCodecProvider@5a484ce1, com.mongodb.KotlinCodecProvider@e91b4f4]}, loggerSettings=LoggerSettings{maxDocumentLength=1000}, clusterSettings={hosts=[localhost:27017], srvServiceName=mongodb, mode=SINGLE, requiredClusterType=UNKNOWN, requiredReplicaSetName='null', serverSelector='null', clusterListeners='[]', serverSelectionTimeout='30000 ms', localThreshold='15 ms'}, socketSettings=SocketSettings{connectTimeoutMS=10000, readTimeoutMS=0, receiveBufferSize=0, proxySettings=ProxySettings{host=null, port=null, username=null, password=null}}, heartbeatSocketSettings=SocketSettings{connectTimeoutMS=10000, readTimeoutMS=10000, receiveBufferSize=0, proxySettings=ProxySettings{host=null, port=null, username=null, password=null}}, connectionPoolSettings=ConnectionPoolSettings{maxSize=100, minSize=0, maxWaitTimeMS=120000, maxConnectionLifeTimeMS=0, maxConnectionIdleTimeMS=0, maintenanceInitialDelayMS=0, maintenanceFrequencyMS=60000, connectionPoolListeners=[], maxConnecting=2}, serverSettings=ServerSettings{heartbeatFrequencyMS=10000, minHeartbeatFrequencyMS=500, serverListeners='[]', serverMonitorListeners='[]'}, sslSettings=SslSettings{enabled=false, invalidHostNameAllowed=false, context=null}, applicationName='null', compressorList=[], uuidRepresentation=JAVA_LEGACY, serverApi=null, autoEncryptionSettings=null, dnsClient=null, inetAddressResolver=null, contextProvider=null}
2026-09-22T16:58:04.955+05:00  INFO 4600 --- [bilim_scan] [localhost:27017] org.mongodb.driver.cluster               : Monitor thread successfully connected to server with description ServerDescription{address=localhost:27017, type=STANDALONE, state=CONNECTED, ok=true, minWireVersion=0, maxWireVersion=28, maxDocumentSize=16777216, logicalSessionTimeoutMinutes=30, roundTripTimeNanos=55125700}
2026-09-22T16:58:05.971+05:00  INFO 4600 --- [bilim_scan] [           main] eAuthenticationProviderManagerConfigurer : Global AuthenticationManager configured with AuthenticationProvider bean with name authenticationProvider
2026-09-22T16:58:05.972+05:00  WARN 4600 --- [bilim_scan] [           main] r$InitializeUserDetailsManagerConfigurer : Global AuthenticationManager configured with an AuthenticationProvider bean. UserDetailsService beans will not be used for username/password login. Consider removing the AuthenticationProvider bean. Alternatively, consider using the UserDetailsService in a manually instantiated DaoAuthenticationProvider.
2026-09-22T16:58:06.260+05:00  INFO 4600 --- [bilim_scan] [           main] o.s.s.web.DefaultSecurityFilterChain     : Will secure any request with [org.springframework.security.web.session.DisableEncodeUrlFilter@5fb07347, org.springframework.security.web.context.request.async.WebAsyncManagerIntegrationFilter@3ef2b8e5, org.springframework.security.web.context.SecurityContextHolderFilter@64b73e0a, org.springframework.security.web.header.HeaderWriterFilter@1322b575, org.springframework.web.filter.CorsFilter@49190ed6, org.springframework.security.web.authentication.logout.LogoutFilter@69e2fe3b, uz.falconmobile.bilim_scan.config.JwtAuthenticationFilter@6629643d, org.springframework.security.web.savedrequest.RequestCacheAwareFilter@3b57f915, org.springframework.security.web.servletapi.SecurityContextHolderAwareRequestFilter@56c42964, org.springframework.security.web.authentication.AnonymousAuthenticationFilter@5d717f19, org.springframework.security.web.session.SessionManagementFilter@3db1ce78, org.springframework.security.web.access.ExceptionTranslationFilter@6ef1c3f7, org.springframework.security.web.access.intercept.AuthorizationFilter@13fe5bb7]
2026-09-22T16:58:06.460+05:00  INFO 4600 --- [bilim_scan] [           main] o.s.b.w.embedded.tomcat.TomcatWebServer  : Tomcat started on port 4257 (http) with context path '/'
2026-09-22T16:58:06.481+05:00  INFO 4600 --- [bilim_scan] [           main] u.f.bilim_scan.BilimScanApplication      : Started BilimScanApplication in 4.406 seconds (process running for 5.108)
2026-09-22T16:58:06.579+05:00  INFO 4600 --- [bilim_scan] [           main] u.f.b.config.AdminBootstrapRunner        : Admin bootstrap o'tkazib yuborildi: ADMIN foydalanuvchi allaqachon mavjud
UDP Kashf qilish (Discovery) xizmati 8888-portda ishga tushdi...
